0 verbose cli /usr/bin/node /usr/bin/npm
1 info using npm@9.2.0
2 info using node@v18.20.4
3 timing npm:load:whichnode Completed in 1ms
4 timing config:load:defaults Completed in 5ms
5 timing config:load:file:/usr/share/nodejs/npm/npmrc Completed in 6ms
6 timing config:load:builtin Completed in 7ms
7 timing config:load:cli Completed in 5ms
8 timing config:load:env Completed in 1ms
9 timing config:load:project Completed in 3ms
10 timing config:load:file:/home/kokoshibudouma/.npmrc Completed in 1ms
11 timing config:load:user Completed in 1ms
12 timing config:load:file:/etc/npmrc Completed in 0ms
13 timing config:load:global Completed in 0ms
14 timing config:load:setEnvs Completed in 3ms
15 timing config:load Completed in 28ms
16 timing npm:load:configload Completed in 29ms
17 timing npm:load:mkdirpcache Completed in 2ms
18 timing npm:load:mkdirplogs Completed in 1ms
19 verbose title npm install
20 verbose argv "install"
21 timing npm:load:setTitle Completed in 12ms
22 timing config:load:flatten Completed in 17ms
23 timing npm:load:display Completed in 24ms
24 verbose logfile logs-max:10 dir:/home/kokoshibudouma/.npm/_logs/2026-02-26T15_10_16_026Z-
25 verbose logfile /home/kokoshibudouma/.npm/_logs/2026-02-26T15_10_16_026Z-debug-0.log
26 timing npm:load:logFile Completed in 15ms
27 timing npm:load:timers Completed in 0ms
28 timing npm:load:configScope Completed in 1ms
29 timing npm:load Completed in 88ms
30 silly logfile done cleaning log files
31 timing config:load:flatten Completed in 2ms
32 timing arborist:ctor Completed in 3ms
33 timing arborist:ctor Completed in 0ms
34 timing idealTree:init Completed in 38ms
35 timing idealTree:userRequests Completed in 0ms
36 silly idealTree buildDeps
37 silly fetch manifest express@^4.18.2
38 http fetch GET 200 https://registry.npmjs.org/express 488ms (cache miss)
39 silly placeDep ROOT express@4.22.1 OK for: charlie-clicker@1.0.0 want: ^4.18.2
40 silly fetch manifest qs@~6.14.0
41 silly fetch manifest depd@2.0.0
42 silly fetch manifest etag@~1.8.1
43 silly fetch manifest send@~0.19.0
44 silly fetch manifest vary@~1.1.2
45 silly fetch manifest debug@2.6.9
46 silly fetch manifest fresh@~0.5.2
47 silly fetch manifest cookie@~0.7.1
48 silly fetch manifest accepts@~1.3.8
49 silly fetch manifest methods@~1.1.2
50 silly fetch manifest type-is@~1.6.18
51 silly fetch manifest parseurl@~1.3.3
52 silly fetch manifest statuses@~2.0.1
53 silly fetch manifest encodeurl@~2.0.0
54 silly fetch manifest proxy-addr@~2.0.7
55 silly fetch manifest body-parser@~1.20.3
56 silly fetch manifest escape-html@~1.0.3
57 silly fetch manifest http-errors@~2.0.0
58 silly fetch manifest on-finished@~2.4.1
59 silly fetch manifest safe-buffer@5.2.1
60 silly fetch manifest utils-merge@1.0.1
61 silly fetch manifest content-type@~1.0.4
62 silly fetch manifest finalhandler@~1.3.1
63 silly fetch manifest range-parser@~1.2.1
64 silly fetch manifest serve-static@~1.16.2
65 silly fetch manifest array-flatten@1.1.1
66 silly fetch manifest path-to-regexp@~0.1.12
67 silly fetch manifest setprototypeof@1.2.0
68 silly fetch manifest cookie-signature@~1.0.6
69 silly fetch manifest merge-descriptors@1.0.3
70 silly fetch manifest content-disposition@~0.5.4
71 http fetch GET 200 https://registry.npmjs.org/qs 394ms (cache miss)
72 http fetch GET 200 https://registry.npmjs.org/encodeurl 398ms (cache miss)
73 http fetch GET 200 https://registry.npmjs.org/etag 423ms (cache miss)
74 http fetch GET 200 https://registry.npmjs.org/vary 814ms (cache miss)
75 http fetch GET 200 https://registry.npmjs.org/escape-html 796ms (cache miss)
76 http fetch GET 200 https://registry.npmjs.org/parseurl 813ms (cache miss)
77 http fetch GET 200 https://registry.npmjs.org/methods 820ms (cache miss)
78 http fetch GET 200 https://registry.npmjs.org/utils-merge 814ms (cache miss)
79 http fetch GET 200 https://registry.npmjs.org/depd 854ms (cache miss)
80 http fetch GET 200 https://registry.npmjs.org/on-finished 827ms (cache miss)
81 http fetch GET 200 https://registry.npmjs.org/statuses 838ms (cache miss)
82 http fetch GET 200 https://registry.npmjs.org/range-parser 819ms (cache miss)
83 http fetch GET 200 https://registry.npmjs.org/array-flatten 812ms (cache miss)
84 http fetch GET 200 https://registry.npmjs.org/merge-descriptors 779ms (cache miss)
85 http fetch GET 200 https://registry.npmjs.org/safe-buffer 841ms (cache miss)
86 http fetch GET 200 https://registry.npmjs.org/content-disposition 783ms (cache miss)
87 http fetch GET 200 https://registry.npmjs.org/accepts 865ms (cache miss)
88 http fetch GET 200 https://registry.npmjs.org/cookie 871ms (cache miss)
89 http fetch GET 200 https://registry.npmjs.org/http-errors 859ms (cache miss)
90 http fetch GET 200 https://registry.npmjs.org/cookie-signature 805ms (cache miss)
91 http fetch GET 200 https://registry.npmjs.org/setprototypeof 819ms (cache miss)
92 http fetch GET 200 https://registry.npmjs.org/type-is 889ms (cache miss)
93 http fetch GET 200 https://registry.npmjs.org/fresh 902ms (cache miss)
94 http fetch GET 200 https://registry.npmjs.org/finalhandler 873ms (cache miss)
95 http fetch GET 200 https://registry.npmjs.org/send 917ms (cache miss)
96 http fetch GET 200 https://registry.npmjs.org/proxy-addr 903ms (cache miss)
97 http fetch GET 200 https://registry.npmjs.org/content-type 892ms (cache miss)
98 http fetch GET 200 https://registry.npmjs.org/serve-static 881ms (cache miss)
99 http fetch GET 200 https://registry.npmjs.org/body-parser 912ms (cache miss)
100 http fetch GET 200 https://registry.npmjs.org/debug 937ms (cache miss)
101 http fetch GET 200 https://registry.npmjs.org/path-to-regexp 866ms (cache miss)
102 timing idealTree:#root Completed in 1528ms
103 silly placeDep ROOT accepts@1.3.8 OK for: express@4.22.1 want: ~1.3.8
104 silly placeDep ROOT array-flatten@1.1.1 OK for: express@4.22.1 want: 1.1.1
105 silly placeDep ROOT body-parser@1.20.4 OK for: express@4.22.1 want: ~1.20.3
106 silly placeDep ROOT content-disposition@0.5.4 OK for: express@4.22.1 want: ~0.5.4
107 silly placeDep ROOT content-type@1.0.5 OK for: express@4.22.1 want: ~1.0.4
108 silly placeDep ROOT cookie@0.7.2 OK for: express@4.22.1 want: ~0.7.1
109 silly placeDep ROOT cookie-signature@1.0.7 OK for: express@4.22.1 want: ~1.0.6
110 silly placeDep ROOT debug@2.6.9 OK for: express@4.22.1 want: 2.6.9
111 silly placeDep ROOT depd@2.0.0 OK for: express@4.22.1 want: 2.0.0
112 silly placeDep ROOT encodeurl@2.0.0 OK for: express@4.22.1 want: ~2.0.0
113 silly placeDep ROOT escape-html@1.0.3 OK for: express@4.22.1 want: ~1.0.3
114 silly placeDep ROOT etag@1.8.1 OK for: express@4.22.1 want: ~1.8.1
115 silly placeDep ROOT finalhandler@1.3.2 OK for: express@4.22.1 want: ~1.3.1
116 silly placeDep ROOT fresh@0.5.2 OK for: express@4.22.1 want: ~0.5.2
117 silly placeDep ROOT http-errors@2.0.1 OK for: express@4.22.1 want: ~2.0.0
118 silly placeDep ROOT merge-descriptors@1.0.3 OK for: express@4.22.1 want: 1.0.3
119 silly placeDep ROOT methods@1.1.2 OK for: express@4.22.1 want: ~1.1.2
120 silly placeDep ROOT on-finished@2.4.1 OK for: express@4.22.1 want: ~2.4.1
121 silly placeDep ROOT parseurl@1.3.3 OK for: express@4.22.1 want: ~1.3.3
122 silly placeDep ROOT path-to-regexp@0.1.12 OK for: express@4.22.1 want: ~0.1.12
123 silly placeDep ROOT proxy-addr@2.0.7 OK for: express@4.22.1 want: ~2.0.7
124 silly placeDep ROOT qs@6.14.2 OK for: express@4.22.1 want: ~6.14.0
125 silly placeDep ROOT range-parser@1.2.1 OK for: express@4.22.1 want: ~1.2.1
126 silly placeDep ROOT safe-buffer@5.2.1 OK for: express@4.22.1 want: 5.2.1
127 silly placeDep ROOT send@0.19.2 OK for: express@4.22.1 want: ~0.19.0
128 silly placeDep ROOT serve-static@1.16.3 OK for: express@4.22.1 want: ~1.16.2
129 silly placeDep ROOT setprototypeof@1.2.0 OK for: express@4.22.1 want: 1.2.0
130 silly placeDep ROOT statuses@2.0.2 OK for: express@4.22.1 want: ~2.0.1
131 silly placeDep ROOT type-is@1.6.18 OK for: express@4.22.1 want: ~1.6.18
132 silly placeDep ROOT utils-merge@1.0.1 OK for: express@4.22.1 want: 1.0.1
133 silly placeDep ROOT vary@1.1.2 OK for: express@4.22.1 want: ~1.1.2
134 silly fetch manifest mime-types@~2.1.34
135 silly fetch manifest negotiator@0.6.3
136 silly fetch manifest bytes@~3.1.2
137 silly fetch manifest unpipe@~1.0.0
138 silly fetch manifest destroy@~1.2.0
139 silly fetch manifest raw-body@~2.5.3
140 silly fetch manifest iconv-lite@~0.4.24
141 silly fetch manifest ms@2.0.0
142 silly fetch manifest inherits@~2.0.4
143 silly fetch manifest toidentifier@~1.0.1
144 silly fetch manifest ee-first@1.1.1
145 silly fetch manifest forwarded@0.2.0
146 silly fetch manifest ipaddr.js@1.9.1
147 silly fetch manifest side-channel@^1.1.0
148 silly fetch manifest ms@2.1.3
149 silly fetch manifest mime@1.6.0
150 silly fetch manifest destroy@1.2.0
151 silly fetch manifest mime-types@~2.1.24
152 silly fetch manifest media-typer@0.3.0
153 http fetch GET 200 https://registry.npmjs.org/unpipe 134ms (cache miss)
154 http fetch GET 200 https://registry.npmjs.org/negotiator 205ms (cache miss)
155 http fetch GET 200 https://registry.npmjs.org/inherits 327ms (cache miss)
156 http fetch GET 200 https://registry.npmjs.org/forwarded 324ms (cache miss)
157 http fetch GET 200 https://registry.npmjs.org/bytes 406ms (cache miss)
158 http fetch GET 200 https://registry.npmjs.org/ee-first 345ms (cache miss)
159 http fetch GET 200 https://registry.npmjs.org/destroy 379ms (cache miss)
160 http fetch GET 200 https://registry.npmjs.org/toidentifier 353ms (cache miss)
161 http fetch GET 200 https://registry.npmjs.org/media-typer 336ms (cache miss)
162 http fetch GET 200 https://registry.npmjs.org/destroy 341ms (cache miss)
163 http fetch GET 200 https://registry.npmjs.org/side-channel 349ms (cache miss)
164 http fetch GET 200 https://registry.npmjs.org/ms 365ms (cache miss)
165 http fetch GET 200 https://registry.npmjs.org/ipaddr.js 355ms (cache miss)
166 http fetch GET 200 https://registry.npmjs.org/ms 353ms (cache miss)
167 http fetch GET 200 https://registry.npmjs.org/raw-body 393ms (cache miss)
168 http fetch GET 200 https://registry.npmjs.org/iconv-lite 393ms (cache miss)
169 http fetch GET 200 https://registry.npmjs.org/mime-types 453ms (cache miss)
170 http fetch GET 200 https://registry.npmjs.org/mime-types 364ms (cache miss)
171 http fetch GET 200 https://registry.npmjs.org/mime 374ms (cache miss)
172 timing idealTree:node_modules/express Completed in 636ms
173 silly placeDep ROOT mime-types@2.1.35 OK for: accepts@1.3.8 want: ~2.1.34
174 silly placeDep ROOT negotiator@0.6.3 OK for: accepts@1.3.8 want: 0.6.3
175 silly fetch manifest mime-db@1.52.0
176 http fetch GET 200 https://registry.npmjs.org/mime-db 74ms (cache miss)
177 timing idealTree:node_modules/accepts Completed in 86ms
178 timing idealTree:node_modules/array-flatten Completed in 1ms
179 silly placeDep ROOT bytes@3.1.2 OK for: body-parser@1.20.4 want: ~3.1.2
180 silly placeDep ROOT destroy@1.2.0 OK for: body-parser@1.20.4 want: ~1.2.0
181 silly placeDep ROOT iconv-lite@0.4.24 OK for: body-parser@1.20.4 want: ~0.4.24
182 silly placeDep ROOT raw-body@2.5.3 OK for: body-parser@1.20.4 want: ~2.5.3
183 silly placeDep ROOT unpipe@1.0.0 OK for: body-parser@1.20.4 want: ~1.0.0
184 silly fetch manifest safer-buffer@>= 2.1.2 < 3
185 http fetch GET 200 https://registry.npmjs.org/safer-buffer 65ms (cache miss)
186 timing idealTree:node_modules/body-parser Completed in 82ms
187 timing idealTree:node_modules/bytes Completed in 1ms
188 timing idealTree:node_modules/content-disposition Completed in 0ms
189 timing idealTree:node_modules/content-type Completed in 0ms
190 timing idealTree:node_modules/cookie Completed in 0ms
191 timing idealTree:node_modules/cookie-signature Completed in 1ms
192 silly placeDep ROOT ms@2.0.0 OK for: debug@2.6.9 want: 2.0.0
193 timing idealTree:node_modules/debug Completed in 4ms
194 timing idealTree:node_modules/depd Completed in 0ms
195 timing idealTree:node_modules/destroy Completed in 0ms
196 timing idealTree:node_modules/encodeurl Completed in 0ms
197 timing idealTree:node_modules/escape-html Completed in 0ms
198 timing idealTree:node_modules/etag Completed in 0ms
199 timing idealTree:node_modules/finalhandler Completed in 0ms
200 timing idealTree:node_modules/fresh Completed in 0ms
201 silly placeDep ROOT inherits@2.0.4 OK for: http-errors@2.0.1 want: ~2.0.4
202 silly placeDep ROOT toidentifier@1.0.1 OK for: http-errors@2.0.1 want: ~1.0.1
203 timing idealTree:node_modules/http-errors Completed in 5ms
204 silly placeDep ROOT safer-buffer@2.1.2 OK for: iconv-lite@0.4.24 want: >= 2.1.2 < 3
205 timing idealTree:node_modules/iconv-lite Completed in 3ms
206 timing idealTree:node_modules/inherits Completed in 0ms
207 timing idealTree:node_modules/merge-descriptors Completed in 0ms
208 timing idealTree:node_modules/methods Completed in 0ms
209 silly placeDep ROOT mime-db@1.52.0 OK for: mime-types@2.1.35 want: 1.52.0
210 timing idealTree:node_modules/mime-types Completed in 2ms
211 timing idealTree:node_modules/mime-db Completed in 0ms
212 timing idealTree:node_modules/ms Completed in 0ms
213 timing idealTree:node_modules/negotiator Completed in 0ms
214 silly placeDep ROOT ee-first@1.1.1 OK for: on-finished@2.4.1 want: 1.1.1
215 timing idealTree:node_modules/on-finished Completed in 2ms
216 timing idealTree:node_modules/ee-first Completed in 0ms
217 timing idealTree:node_modules/parseurl Completed in 0ms
218 timing idealTree:node_modules/path-to-regexp Completed in 0ms
219 silly placeDep ROOT forwarded@0.2.0 OK for: proxy-addr@2.0.7 want: 0.2.0
220 silly placeDep ROOT ipaddr.js@1.9.1 OK for: proxy-addr@2.0.7 want: 1.9.1
221 timing idealTree:node_modules/proxy-addr Completed in 4ms
222 timing idealTree:node_modules/forwarded Completed in 0ms
223 timing idealTree:node_modules/ipaddr.js Completed in 0ms
224 silly placeDep ROOT side-channel@1.1.0 OK for: qs@6.14.2 want: ^1.1.0
225 silly fetch manifest es-errors@^1.3.0
226 silly fetch manifest object-inspect@^1.13.3
227 silly fetch manifest side-channel-list@^1.0.0
228 silly fetch manifest side-channel-map@^1.0.1
229 silly fetch manifest side-channel-weakmap@^1.0.2
230 http fetch GET 200 https://registry.npmjs.org/es-errors 96ms (cache miss)
231 http fetch GET 200 https://registry.npmjs.org/side-channel-list 92ms (cache miss)
232 http fetch GET 200 https://registry.npmjs.org/side-channel-map 92ms (cache miss)
233 http fetch GET 200 https://registry.npmjs.org/object-inspect 97ms (cache miss)
234 http fetch GET 200 https://registry.npmjs.org/side-channel-weakmap 114ms (cache miss)
235 timing idealTree:node_modules/qs Completed in 128ms
236 timing idealTree:node_modules/range-parser Completed in 0ms
237 timing idealTree:node_modules/raw-body Completed in 0ms
238 timing idealTree:node_modules/safe-buffer Completed in 0ms
239 timing idealTree:node_modules/safer-buffer Completed in 0ms
240 silly placeDep ROOT mime@1.6.0 OK for: send@0.19.2 want: 1.6.0
241 silly placeDep node_modules/send ms@2.1.3 OK for: send@0.19.2 want: 2.1.3
242 timing idealTree:node_modules/send Completed in 10ms
243 timing idealTree:node_modules/mime Completed in 0ms
244 timing idealTree:node_modules/serve-static Completed in 0ms
245 timing idealTree:node_modules/setprototypeof Completed in 0ms
246 silly placeDep ROOT es-errors@1.3.0 OK for: side-channel@1.1.0 want: ^1.3.0
247 silly placeDep ROOT object-inspect@1.13.4 OK for: side-channel@1.1.0 want: ^1.13.3
248 silly placeDep ROOT side-channel-list@1.0.0 OK for: side-channel@1.1.0 want: ^1.0.0
249 silly placeDep ROOT side-channel-map@1.0.1 OK for: side-channel@1.1.0 want: ^1.0.1
250 silly placeDep ROOT side-channel-weakmap@1.0.2 OK for: side-channel@1.1.0 want: ^1.0.2
251 silly fetch manifest call-bound@^1.0.2
252 silly fetch manifest get-intrinsic@^1.2.5
253 http fetch GET 200 https://registry.npmjs.org/call-bound 117ms (cache miss)
254 http fetch GET 200 https://registry.npmjs.org/get-intrinsic 117ms (cache miss)
255 timing idealTree:node_modules/side-channel Completed in 141ms
256 timing idealTree:node_modules/es-errors Completed in 0ms
257 timing idealTree:node_modules/object-inspect Completed in 0ms
258 timing idealTree:node_modules/side-channel-list Completed in 0ms
259 silly placeDep ROOT call-bound@1.0.4 OK for: side-channel-map@1.0.1 want: ^1.0.2
260 silly placeDep ROOT get-intrinsic@1.3.0 OK for: side-channel-map@1.0.1 want: ^1.2.5
261 silly fetch manifest call-bind-apply-helpers@^1.0.2
262 silly fetch manifest gopd@^1.2.0
263 silly fetch manifest hasown@^2.0.2
264 silly fetch manifest get-proto@^1.0.1
265 silly fetch manifest has-symbols@^1.1.0
266 silly fetch manifest function-bind@^1.1.2
267 silly fetch manifest es-object-atoms@^1.1.1
268 silly fetch manifest math-intrinsics@^1.1.0
269 silly fetch manifest es-define-property@^1.0.1
270 http fetch GET 200 https://registry.npmjs.org/get-proto 182ms (cache miss)
271 http fetch GET 200 https://registry.npmjs.org/function-bind 182ms (cache miss)
272 http fetch GET 200 https://registry.npmjs.org/has-symbols 186ms (cache miss)
273 http fetch GET 200 https://registry.npmjs.org/es-object-atoms 182ms (cache miss)
274 http fetch GET 200 https://registry.npmjs.org/hasown 193ms (cache miss)
275 http fetch GET 200 https://registry.npmjs.org/es-define-property 184ms (cache miss)
276 http fetch GET 200 https://registry.npmjs.org/math-intrinsics 188ms (cache miss)
277 http fetch GET 200 https://registry.npmjs.org/call-bind-apply-helpers 206ms (cache miss)
278 http fetch GET 200 https://registry.npmjs.org/gopd 207ms (cache miss)
279 timing idealTree:node_modules/side-channel-map Completed in 225ms
280 silly placeDep ROOT call-bind-apply-helpers@1.0.2 OK for: call-bound@1.0.4 want: ^1.0.2
281 timing idealTree:node_modules/call-bound Completed in 3ms
282 silly placeDep ROOT function-bind@1.1.2 OK for: call-bind-apply-helpers@1.0.2 want: ^1.1.2
283 timing idealTree:node_modules/call-bind-apply-helpers Completed in 3ms
284 timing idealTree:node_modules/function-bind Completed in 0ms
285 silly placeDep ROOT es-define-property@1.0.1 OK for: get-intrinsic@1.3.0 want: ^1.0.1
286 silly placeDep ROOT es-object-atoms@1.1.1 OK for: get-intrinsic@1.3.0 want: ^1.1.1
287 silly placeDep ROOT get-proto@1.0.1 OK for: get-intrinsic@1.3.0 want: ^1.0.1
288 silly placeDep ROOT gopd@1.2.0 OK for: get-intrinsic@1.3.0 want: ^1.2.0
289 silly placeDep ROOT has-symbols@1.1.0 OK for: get-intrinsic@1.3.0 want: ^1.1.0
290 silly placeDep ROOT hasown@2.0.2 OK for: get-intrinsic@1.3.0 want: ^2.0.2
291 silly placeDep ROOT math-intrinsics@1.1.0 OK for: get-intrinsic@1.3.0 want: ^1.1.0
292 silly fetch manifest dunder-proto@^1.0.1
293 http fetch GET 200 https://registry.npmjs.org/dunder-proto 85ms (cache miss)
294 timing idealTree:node_modules/get-intrinsic Completed in 109ms
295 timing idealTree:node_modules/es-define-property Completed in 0ms
296 timing idealTree:node_modules/es-object-atoms Completed in 0ms
297 silly placeDep ROOT dunder-proto@1.0.1 OK for: get-proto@1.0.1 want: ^1.0.1
298 timing idealTree:node_modules/get-proto Completed in 4ms
299 timing idealTree:node_modules/dunder-proto Completed in 0ms
300 timing idealTree:node_modules/gopd Completed in 0ms
301 timing idealTree:node_modules/has-symbols Completed in 0ms
302 timing idealTree:node_modules/hasown Completed in 0ms
303 timing idealTree:node_modules/math-intrinsics Completed in 0ms
304 timing idealTree:node_modules/side-channel-weakmap Completed in 0ms
305 timing idealTree:node_modules/statuses Completed in 0ms
306 timing idealTree:node_modules/toidentifier Completed in 0ms
307 silly placeDep ROOT media-typer@0.3.0 OK for: type-is@1.6.18 want: 0.3.0
308 timing idealTree:node_modules/type-is Completed in 3ms
309 timing idealTree:node_modules/media-typer Completed in 0ms
310 timing idealTree:node_modules/unpipe Completed in 0ms
311 timing idealTree:node_modules/utils-merge Completed in 0ms
312 timing idealTree:node_modules/vary Completed in 0ms
313 timing idealTree:node_modules/send/node_modules/ms Completed in 0ms
314 timing idealTree:buildDeps Completed in 2996ms
315 timing idealTree:fixDepFlags Completed in 3ms
316 timing idealTree Completed in 3044ms
317 timing reify:loadTrees Completed in 3046ms
318 timing reify:diffTrees Completed in 6ms
319 silly reify moves {}
320 timing reify:retireShallow Completed in 4ms
321 timing reify:createSparse Completed in 39ms
322 timing reify:loadBundles Completed in 0ms
323 silly audit bulk request {
323 silly audit   express: [ '4.22.1' ],
323 silly audit   accepts: [ '1.3.8' ],
323 silly audit   'array-flatten': [ '1.1.1' ],
323 silly audit   'body-parser': [ '1.20.4' ],
323 silly audit   'content-disposition': [ '0.5.4' ],
323 silly audit   'content-type': [ '1.0.5' ],
323 silly audit   cookie: [ '0.7.2' ],
323 silly audit   'cookie-signature': [ '1.0.7' ],
323 silly audit   debug: [ '2.6.9' ],
323 silly audit   depd: [ '2.0.0' ],
323 silly audit   encodeurl: [ '2.0.0' ],
323 silly audit   'escape-html': [ '1.0.3' ],
323 silly audit   etag: [ '1.8.1' ],
323 silly audit   finalhandler: [ '1.3.2' ],
323 silly audit   fresh: [ '0.5.2' ],
323 silly audit   'http-errors': [ '2.0.1' ],
323 silly audit   'merge-descriptors': [ '1.0.3' ],
323 silly audit   methods: [ '1.1.2' ],
323 silly audit   'on-finished': [ '2.4.1' ],
323 silly audit   parseurl: [ '1.3.3' ],
323 silly audit   'path-to-regexp': [ '0.1.12' ],
323 silly audit   'proxy-addr': [ '2.0.7' ],
323 silly audit   qs: [ '6.14.2' ],
323 silly audit   'range-parser': [ '1.2.1' ],
323 silly audit   'safe-buffer': [ '5.2.1' ],
323 silly audit   send: [ '0.19.2' ],
323 silly audit   'serve-static': [ '1.16.3' ],
323 silly audit   setprototypeof: [ '1.2.0' ],
323 silly audit   statuses: [ '2.0.2' ],
323 silly audit   'type-is': [ '1.6.18' ],
323 silly audit   'utils-merge': [ '1.0.1' ],
323 silly audit   vary: [ '1.1.2' ],
323 silly audit   'mime-types': [ '2.1.35' ],
323 silly audit   negotiator: [ '0.6.3' ],
323 silly audit   bytes: [ '3.1.2' ],
323 silly audit   destroy: [ '1.2.0' ],
323 silly audit   'iconv-lite': [ '0.4.24' ],
323 silly audit   'raw-body': [ '2.5.3' ],
323 silly audit   unpipe: [ '1.0.0' ],
323 silly audit   ms: [ '2.0.0', '2.1.3' ],
323 silly audit   inherits: [ '2.0.4' ],
323 silly audit   toidentifier: [ '1.0.1' ],
323 silly audit   'safer-buffer': [ '2.1.2' ],
323 silly audit   'mime-db': [ '1.52.0' ],
323 silly audit   'ee-first': [ '1.1.1' ],
323 silly audit   forwarded: [ '0.2.0' ],
323 silly audit   'ipaddr.js': [ '1.9.1' ],
323 silly audit   'side-channel': [ '1.1.0' ],
323 silly audit   mime: [ '1.6.0' ],
323 silly audit   'es-errors': [ '1.3.0' ],
323 silly audit   'object-inspect': [ '1.13.4' ],
323 silly audit   'side-channel-list': [ '1.0.0' ],
323 silly audit   'side-channel-map': [ '1.0.1' ],
323 silly audit   'side-channel-weakmap': [ '1.0.2' ],
323 silly audit   'call-bound': [ '1.0.4' ],
323 silly audit   'get-intrinsic': [ '1.3.0' ],
323 silly audit   'call-bind-apply-helpers': [ '1.0.2' ],
323 silly audit   'function-bind': [ '1.1.2' ],
323 silly audit   'es-define-property': [ '1.0.1' ],
323 silly audit   'es-object-atoms': [ '1.1.1' ],
323 silly audit   'get-proto': [ '1.0.1' ],
323 silly audit   gopd: [ '1.2.0' ],
323 silly audit   'has-symbols': [ '1.1.0' ],
323 silly audit   hasown: [ '2.0.2' ],
323 silly audit   'math-intrinsics': [ '1.1.0' ],
323 silly audit   'dunder-proto': [ '1.0.1' ],
323 silly audit   'media-typer': [ '0.3.0' ]
323 silly audit }
324 silly tarball no local data for media-typer@https://registry.npmjs.org/media-typer/-/media-typer-0.3.0.tgz. Extracting by manifest.
325 silly tarball no local data for dunder-proto@https://registry.npmjs.org/dunder-proto/-/dunder-proto-1.0.1.tgz. Extracting by manifest.
326 silly tarball no local data for math-intrinsics@https://registry.npmjs.org/math-intrinsics/-/math-intrinsics-1.1.0.tgz. Extracting by manifest.
327 silly tarball no local data for hasown@https://registry.npmjs.org/hasown/-/hasown-2.0.2.tgz. Extracting by manifest.
328 silly tarball no local data for has-symbols@https://registry.npmjs.org/has-symbols/-/has-symbols-1.1.0.tgz. Extracting by manifest.
329 silly tarball no local data for gopd@https://registry.npmjs.org/gopd/-/gopd-1.2.0.tgz. Extracting by manifest.
330 silly tarball no local data for get-proto@https://registry.npmjs.org/get-proto/-/get-proto-1.0.1.tgz. Extracting by manifest.
331 silly tarball no local data for es-object-atoms@https://registry.npmjs.org/es-object-atoms/-/es-object-atoms-1.1.1.tgz. Extracting by manifest.
332 silly tarball no local data for function-bind@https://registry.npmjs.org/function-bind/-/function-bind-1.1.2.tgz. Extracting by manifest.
333 silly tarball no local data for call-bind-apply-helpers@https://registry.npmjs.org/call-bind-apply-helpers/-/call-bind-apply-helpers-1.0.2.tgz. Extracting by manifest.
334 silly tarball no local data for get-intrinsic@https://registry.npmjs.org/get-intrinsic/-/get-intrinsic-1.3.0.tgz. Extracting by manifest.
335 silly tarball no local data for call-bound@https://registry.npmjs.org/call-bound/-/call-bound-1.0.4.tgz. Extracting by manifest.
336 silly tarball no local data for side-channel-weakmap@https://registry.npmjs.org/side-channel-weakmap/-/side-channel-weakmap-1.0.2.tgz. Extracting by manifest.
337 silly tarball no local data for side-channel-map@https://registry.npmjs.org/side-channel-map/-/side-channel-map-1.0.1.tgz. Extracting by manifest.
338 silly tarball no local data for side-channel-list@https://registry.npmjs.org/side-channel-list/-/side-channel-list-1.0.0.tgz. Extracting by manifest.
339 silly tarball no local data for object-inspect@https://registry.npmjs.org/object-inspect/-/object-inspect-1.13.4.tgz. Extracting by manifest.
340 silly tarball no local data for mime@https://registry.npmjs.org/mime/-/mime-1.6.0.tgz. Extracting by manifest.
341 silly tarball no local data for side-channel@https://registry.npmjs.org/side-channel/-/side-channel-1.1.0.tgz. Extracting by manifest.
342 silly tarball no local data for ipaddr.js@https://registry.npmjs.org/ipaddr.js/-/ipaddr.js-1.9.1.tgz. Extracting by manifest.
343 silly tarball no local data for forwarded@https://registry.npmjs.org/forwarded/-/forwarded-0.2.0.tgz. Extracting by manifest.
344 silly tarball no local data for ee-first@https://registry.npmjs.org/ee-first/-/ee-first-1.1.1.tgz. Extracting by manifest.
345 silly tarball no local data for mime-db@https://registry.npmjs.org/mime-db/-/mime-db-1.52.0.tgz. Extracting by manifest.
346 silly tarball no local data for safer-buffer@https://registry.npmjs.org/safer-buffer/-/safer-buffer-2.1.2.tgz. Extracting by manifest.
347 silly tarball no local data for toidentifier@https://registry.npmjs.org/toidentifier/-/toidentifier-1.0.1.tgz. Extracting by manifest.
348 silly tarball no local data for inherits@https://registry.npmjs.org/inherits/-/inherits-2.0.4.tgz. Extracting by manifest.
349 silly tarball no local data for ms@https://registry.npmjs.org/ms/-/ms-2.0.0.tgz. Extracting by manifest.
350 silly tarball no local data for unpipe@https://registry.npmjs.org/unpipe/-/unpipe-1.0.0.tgz. Extracting by manifest.
351 silly tarball no local data for raw-body@https://registry.npmjs.org/raw-body/-/raw-body-2.5.3.tgz. Extracting by manifest.
352 silly tarball no local data for iconv-lite@https://registry.npmjs.org/iconv-lite/-/iconv-lite-0.4.24.tgz. Extracting by manifest.
353 silly tarball no local data for destroy@https://registry.npmjs.org/destroy/-/destroy-1.2.0.tgz. Extracting by manifest.
354 silly tarball no local data for bytes@https://registry.npmjs.org/bytes/-/bytes-3.1.2.tgz. Extracting by manifest.
355 silly tarball no local data for negotiator@https://registry.npmjs.org/negotiator/-/negotiator-0.6.3.tgz. Extracting by manifest.
356 silly tarball no local data for mime-types@https://registry.npmjs.org/mime-types/-/mime-types-2.1.35.tgz. Extracting by manifest.
357 silly tarball no local data for vary@https://registry.npmjs.org/vary/-/vary-1.1.2.tgz. Extracting by manifest.
358 silly tarball no local data for utils-merge@https://registry.npmjs.org/utils-merge/-/utils-merge-1.0.1.tgz. Extracting by manifest.
359 silly tarball no local data for type-is@https://registry.npmjs.org/type-is/-/type-is-1.6.18.tgz. Extracting by manifest.
360 silly tarball no local data for statuses@https://registry.npmjs.org/statuses/-/statuses-2.0.2.tgz. Extracting by manifest.
361 silly tarball no local data for setprototypeof@https://registry.npmjs.org/setprototypeof/-/setprototypeof-1.2.0.tgz. Extracting by manifest.
362 silly tarball no local data for serve-static@https://registry.npmjs.org/serve-static/-/serve-static-1.16.3.tgz. Extracting by manifest.
363 silly tarball no local data for send@https://registry.npmjs.org/send/-/send-0.19.2.tgz. Extracting by manifest.
364 silly tarball no local data for safe-buffer@https://registry.npmjs.org/safe-buffer/-/safe-buffer-5.2.1.tgz. Extracting by manifest.
365 silly tarball no local data for range-parser@https://registry.npmjs.org/range-parser/-/range-parser-1.2.1.tgz. Extracting by manifest.
366 silly tarball no local data for proxy-addr@https://registry.npmjs.org/proxy-addr/-/proxy-addr-2.0.7.tgz. Extracting by manifest.
367 silly tarball no local data for path-to-regexp@https://registry.npmjs.org/path-to-regexp/-/path-to-regexp-0.1.12.tgz. Extracting by manifest.
368 silly tarball no local data for parseurl@https://registry.npmjs.org/parseurl/-/parseurl-1.3.3.tgz. Extracting by manifest.
369 silly tarball no local data for on-finished@https://registry.npmjs.org/on-finished/-/on-finished-2.4.1.tgz. Extracting by manifest.
370 silly tarball no local data for methods@https://registry.npmjs.org/methods/-/methods-1.1.2.tgz. Extracting by manifest.
371 silly tarball no local data for merge-descriptors@https://registry.npmjs.org/merge-descriptors/-/merge-descriptors-1.0.3.tgz. Extracting by manifest.
372 silly tarball no local data for http-errors@https://registry.npmjs.org/http-errors/-/http-errors-2.0.1.tgz. Extracting by manifest.
373 silly tarball no local data for fresh@https://registry.npmjs.org/fresh/-/fresh-0.5.2.tgz. Extracting by manifest.
374 silly tarball no local data for finalhandler@https://registry.npmjs.org/finalhandler/-/finalhandler-1.3.2.tgz. Extracting by manifest.
375 silly tarball no local data for etag@https://registry.npmjs.org/etag/-/etag-1.8.1.tgz. Extracting by manifest.
376 silly tarball no local data for escape-html@https://registry.npmjs.org/escape-html/-/escape-html-1.0.3.tgz. Extracting by manifest.
377 silly tarball no local data for encodeurl@https://registry.npmjs.org/encodeurl/-/encodeurl-2.0.0.tgz. Extracting by manifest.
378 silly tarball no local data for depd@https://registry.npmjs.org/depd/-/depd-2.0.0.tgz. Extracting by manifest.
379 silly tarball no local data for debug@https://registry.npmjs.org/debug/-/debug-2.6.9.tgz. Extracting by manifest.
380 silly tarball no local data for cookie-signature@https://registry.npmjs.org/cookie-signature/-/cookie-signature-1.0.7.tgz. Extracting by manifest.
381 silly tarball no local data for cookie@https://registry.npmjs.org/cookie/-/cookie-0.7.2.tgz. Extracting by manifest.
382 silly tarball no local data for content-type@https://registry.npmjs.org/content-type/-/content-type-1.0.5.tgz. Extracting by manifest.
383 silly tarball no local data for content-disposition@https://registry.npmjs.org/content-disposition/-/content-disposition-0.5.4.tgz. Extracting by manifest.
384 silly tarball no local data for body-parser@https://registry.npmjs.org/body-parser/-/body-parser-1.20.4.tgz. Extracting by manifest.
385 silly tarball no local data for array-flatten@https://registry.npmjs.org/array-flatten/-/array-flatten-1.1.1.tgz. Extracting by manifest.
386 silly tarball no local data for accepts@https://registry.npmjs.org/accepts/-/accepts-1.3.8.tgz. Extracting by manifest.
387 silly tarball no local data for express@https://registry.npmjs.org/express/-/express-4.22.1.tgz. Extracting by manifest.
388 silly tarball no local data for ms@https://registry.npmjs.org/ms/-/ms-2.1.3.tgz. Extracting by manifest.
389 silly tarball no local data for es-errors@https://registry.npmjs.org/es-errors/-/es-errors-1.3.0.tgz. Extracting by manifest.
390 silly tarball no local data for es-define-property@https://registry.npmjs.org/es-define-property/-/es-define-property-1.0.1.tgz. Extracting by manifest.
391 silly tarball no local data for qs@https://registry.npmjs.org/qs/-/qs-6.14.2.tgz. Extracting by manifest.
392 http fetch POST 200 https://registry.npmjs.org/-/npm/v1/security/advisories/bulk 974ms
393 timing auditReport:getReport Completed in 984ms
394 silly audit report {}
395 timing auditReport:init Completed in 0ms
396 timing reify:audit Completed in 987ms
397 http fetch GET 200 https://registry.npmjs.org/media-typer/-/media-typer-0.3.0.tgz 1784ms (cache miss)
398 timing reifyNode:node_modules/media-typer Completed in 1951ms
399 http fetch GET 200 https://registry.npmjs.org/math-intrinsics/-/math-intrinsics-1.1.0.tgz 1780ms (cache miss)
400 http fetch GET 200 https://registry.npmjs.org/ipaddr.js/-/ipaddr.js-1.9.1.tgz 1755ms (cache miss)
401 http fetch GET 200 https://registry.npmjs.org/forwarded/-/forwarded-0.2.0.tgz 1721ms (cache miss)
402 timing reifyNode:node_modules/forwarded Completed in 1988ms
403 http fetch GET 200 https://registry.npmjs.org/bytes/-/bytes-3.1.2.tgz 1675ms (cache miss)
404 timing reifyNode:node_modules/bytes Completed in 1990ms
405 http fetch GET 200 https://registry.npmjs.org/inherits/-/inherits-2.0.4.tgz 1704ms (cache miss)
406 timing reifyNode:node_modules/inherits Completed in 1992ms
407 timing reifyNode:node_modules/ipaddr.js Completed in 2013ms
408 http fetch GET 200 https://registry.npmjs.org/ee-first/-/ee-first-1.1.1.tgz 1741ms (cache miss)
409 timing reifyNode:node_modules/ee-first Completed in 2014ms
410 http fetch GET 200 https://registry.npmjs.org/toidentifier/-/toidentifier-1.0.1.tgz 1732ms (cache miss)
411 timing reifyNode:node_modules/toidentifier Completed in 2015ms
412 http fetch GET 200 https://registry.npmjs.org/mime-types/-/mime-types-2.1.35.tgz 1697ms (cache miss)
413 timing reifyNode:node_modules/mime-types Completed in 2018ms
414 http fetch GET 200 https://registry.npmjs.org/hasown/-/hasown-2.0.2.tgz 1856ms (cache miss)
415 http fetch GET 200 https://registry.npmjs.org/unpipe/-/unpipe-1.0.0.tgz 1748ms (cache miss)
416 timing reifyNode:node_modules/unpipe Completed in 2043ms
417 http fetch GET 200 https://registry.npmjs.org/negotiator/-/negotiator-0.6.3.tgz 1728ms (cache miss)
418 http fetch GET 200 https://registry.npmjs.org/destroy/-/destroy-1.2.0.tgz 1737ms (cache miss)
419 timing reifyNode:node_modules/destroy Completed in 2046ms
420 http fetch GET 200 https://registry.npmjs.org/utils-merge/-/utils-merge-1.0.1.tgz 1712ms (cache miss)
421 timing reifyNode:node_modules/utils-merge Completed in 2046ms
422 http fetch GET 200 https://registry.npmjs.org/side-channel/-/side-channel-1.1.0.tgz 1820ms (cache miss)
423 http fetch GET 200 https://registry.npmjs.org/etag/-/etag-1.8.1.tgz 1610ms (cache miss)
424 timing reifyNode:node_modules/etag Completed in 2047ms
425 http fetch GET 200 https://registry.npmjs.org/merge-descriptors/-/merge-descriptors-1.0.3.tgz 1631ms (cache miss)
426 timing reifyNode:node_modules/merge-descriptors Completed in 2049ms
427 http fetch GET 200 https://registry.npmjs.org/cookie-signature/-/cookie-signature-1.0.7.tgz 1577ms (cache miss)
428 timing reifyNode:node_modules/cookie-signature Completed in 2050ms
429 timing reifyNode:node_modules/hasown Completed in 2064ms
430 http fetch GET 200 https://registry.npmjs.org/gopd/-/gopd-1.2.0.tgz 1882ms (cache miss)
431 http fetch GET 200 https://registry.npmjs.org/mime/-/mime-1.6.0.tgz 1841ms (cache miss)
432 timing reifyNode:node_modules/mime Completed in 2068ms
433 http fetch GET 200 https://registry.npmjs.org/side-channel-list/-/side-channel-list-1.0.0.tgz 1851ms (cache miss)
434 http fetch GET 200 https://registry.npmjs.org/ms/-/ms-2.0.0.tgz 1777ms (cache miss)
435 timing reifyNode:node_modules/ms Completed in 2069ms
436 http fetch GET 200 https://registry.npmjs.org/vary/-/vary-1.1.2.tgz 1747ms (cache miss)
437 timing reifyNode:node_modules/vary Completed in 2070ms
438 http fetch GET 200 https://registry.npmjs.org/statuses/-/statuses-2.0.2.tgz 1692ms (cache miss)
439 timing reifyNode:node_modules/statuses Completed in 2071ms
440 http fetch GET 200 https://registry.npmjs.org/methods/-/methods-1.1.2.tgz 1657ms (cache miss)
441 timing reifyNode:node_modules/methods Completed in 2070ms
442 http fetch GET 200 https://registry.npmjs.org/serve-static/-/serve-static-1.16.3.tgz 1685ms (cache miss)
443 timing reifyNode:node_modules/serve-static Completed in 2073ms
444 http fetch GET 200 https://registry.npmjs.org/setprototypeof/-/setprototypeof-1.2.0.tgz 1691ms (cache miss)
445 timing reifyNode:node_modules/setprototypeof Completed in 2074ms
446 http fetch GET 200 https://registry.npmjs.org/on-finished/-/on-finished-2.4.1.tgz 1664ms (cache miss)
447 timing reifyNode:node_modules/on-finished Completed in 2074ms
448 http fetch GET 200 https://registry.npmjs.org/encodeurl/-/encodeurl-2.0.0.tgz 1631ms (cache miss)
449 timing reifyNode:node_modules/encodeurl Completed in 2074ms
450 http fetch GET 200 https://registry.npmjs.org/finalhandler/-/finalhandler-1.3.2.tgz 1645ms (cache miss)
451 timing reifyNode:node_modules/finalhandler Completed in 2077ms
452 http fetch GET 200 https://registry.npmjs.org/fresh/-/fresh-0.5.2.tgz 1652ms (cache miss)
453 timing reifyNode:node_modules/fresh Completed in 2078ms
454 http fetch GET 200 https://registry.npmjs.org/get-proto/-/get-proto-1.0.1.tgz 1906ms (cache miss)
455 http fetch GET 200 https://registry.npmjs.org/type-is/-/type-is-1.6.18.tgz 1727ms (cache miss)
456 timing reifyNode:node_modules/type-is Completed in 2102ms
457 http fetch GET 200 https://registry.npmjs.org/parseurl/-/parseurl-1.3.3.tgz 1695ms (cache miss)
458 timing reifyNode:node_modules/parseurl Completed in 2103ms
459 http fetch GET 200 https://registry.npmjs.org/escape-html/-/escape-html-1.0.3.tgz 1662ms (cache miss)
460 timing reifyNode:node_modules/escape-html Completed in 2103ms
461 http fetch GET 200 https://registry.npmjs.org/side-channel-map/-/side-channel-map-1.0.1.tgz 1903ms (cache miss)
462 timing reifyNode:node_modules/side-channel-map Completed in 2118ms
463 http fetch GET 200 https://registry.npmjs.org/side-channel-weakmap/-/side-channel-weakmap-1.0.2.tgz 1907ms (cache miss)
464 timing reifyNode:node_modules/negotiator Completed in 2120ms
465 timing reifyNode:node_modules/side-channel Completed in 2123ms
466 http fetch GET 200 https://registry.npmjs.org/proxy-addr/-/proxy-addr-2.0.7.tgz 1720ms (cache miss)
467 timing reifyNode:node_modules/proxy-addr Completed in 2121ms
468 http fetch GET 200 https://registry.npmjs.org/cookie/-/cookie-0.7.2.tgz 1644ms (cache miss)
469 timing reifyNode:node_modules/cookie Completed in 2120ms
470 http fetch GET 200 https://registry.npmjs.org/http-errors/-/http-errors-2.0.1.tgz 1703ms (cache miss)
471 timing reifyNode:node_modules/http-errors Completed in 2123ms
472 http fetch GET 200 https://registry.npmjs.org/path-to-regexp/-/path-to-regexp-0.1.12.tgz 1721ms (cache miss)
473 timing reifyNode:node_modules/path-to-regexp Completed in 2125ms
474 timing reifyNode:node_modules/gopd Completed in 2136ms
475 timing reifyNode:node_modules/side-channel-list Completed in 2137ms
476 http fetch GET 200 https://registry.npmjs.org/raw-body/-/raw-body-2.5.3.tgz 1837ms (cache miss)
477 timing reifyNode:node_modules/raw-body Completed in 2136ms
478 http fetch GET 200 https://registry.npmjs.org/range-parser/-/range-parser-1.2.1.tgz 1740ms (cache miss)
479 timing reifyNode:node_modules/range-parser Completed in 2137ms
480 http fetch GET 200 https://registry.npmjs.org/ms/-/ms-2.1.3.tgz 1628ms (cache miss)
481 timing reifyNode:node_modules/send/node_modules/ms Completed in 2140ms
482 http fetch GET 200 https://registry.npmjs.org/content-type/-/content-type-1.0.5.tgz 1660ms (cache miss)
483 timing reifyNode:node_modules/content-type Completed in 2140ms
484 timing reifyNode:node_modules/get-proto Completed in 2149ms
485 http fetch GET 200 https://registry.npmjs.org/array-flatten/-/array-flatten-1.1.1.tgz 1647ms (cache miss)
486 timing reifyNode:node_modules/array-flatten Completed in 2141ms
487 http fetch GET 200 https://registry.npmjs.org/es-object-atoms/-/es-object-atoms-1.1.1.tgz 1960ms (cache miss)
488 timing reifyNode:node_modules/side-channel-weakmap Completed in 2152ms
489 http fetch GET 200 https://registry.npmjs.org/depd/-/depd-2.0.0.tgz 1702ms (cache miss)
490 timing reifyNode:node_modules/depd Completed in 2150ms
491 http fetch GET 200 https://registry.npmjs.org/es-define-property/-/es-define-property-1.0.1.tgz 1392ms (cache miss)
492 http fetch GET 200 https://registry.npmjs.org/accepts/-/accepts-1.3.8.tgz 1657ms (cache miss)
493 timing reifyNode:node_modules/accepts Completed in 2157ms
494 timing reifyNode:node_modules/es-define-property Completed in 2167ms
495 http fetch GET 200 https://registry.npmjs.org/call-bound/-/call-bound-1.0.4.tgz 1971ms (cache miss)
496 timing reifyNode:node_modules/call-bound Completed in 2180ms
497 http fetch GET 200 https://registry.npmjs.org/safer-buffer/-/safer-buffer-2.1.2.tgz 1901ms (cache miss)
498 timing reifyNode:node_modules/safer-buffer Completed in 2181ms
499 http fetch GET 200 https://registry.npmjs.org/content-disposition/-/content-disposition-0.5.4.tgz 1691ms (cache miss)
500 timing reifyNode:node_modules/content-disposition Completed in 2175ms
501 timing reifyNode:node_modules/es-object-atoms Completed in 2188ms
502 http fetch GET 200 https://registry.npmjs.org/send/-/send-0.19.2.tgz 1793ms (cache miss)
503 timing reifyNode:node_modules/send Completed in 2184ms
504 http fetch GET 200 https://registry.npmjs.org/dunder-proto/-/dunder-proto-1.0.1.tgz 2022ms (cache miss)
505 timing reifyNode:node_modules/dunder-proto Completed in 2194ms
506 http fetch GET 200 https://registry.npmjs.org/function-bind/-/function-bind-1.1.2.tgz 1996ms (cache miss)
507 timing reifyNode:node_modules/function-bind Completed in 2194ms
508 http fetch GET 200 https://registry.npmjs.org/call-bind-apply-helpers/-/call-bind-apply-helpers-1.0.2.tgz 1993ms (cache miss)
509 http fetch GET 200 https://registry.npmjs.org/safe-buffer/-/safe-buffer-5.2.1.tgz 1798ms (cache miss)
510 timing reifyNode:node_modules/safe-buffer Completed in 2192ms
511 http fetch GET 200 https://registry.npmjs.org/get-intrinsic/-/get-intrinsic-1.3.0.tgz 2017ms (cache miss)
512 timing reifyNode:node_modules/get-intrinsic Completed in 2224ms
513 timing reifyNode:node_modules/call-bind-apply-helpers Completed in 2231ms
514 http fetch GET 200 https://registry.npmjs.org/debug/-/debug-2.6.9.tgz 1757ms (cache miss)
515 http fetch GET 200 https://registry.npmjs.org/has-symbols/-/has-symbols-1.1.0.tgz 2061ms (cache miss)
516 http fetch GET 200 https://registry.npmjs.org/mime-db/-/mime-db-1.52.0.tgz 1965ms (cache miss)
517 timing reifyNode:node_modules/mime-db Completed in 2240ms
518 timing reifyNode:node_modules/debug Completed in 2238ms
519 http fetch GET 200 https://registry.npmjs.org/body-parser/-/body-parser-1.20.4.tgz 1751ms (cache miss)
520 timing reifyNode:node_modules/body-parser Completed in 2238ms
521 http fetch GET 200 https://registry.npmjs.org/es-errors/-/es-errors-1.3.0.tgz 1536ms (cache miss)
522 timing reifyNode:node_modules/has-symbols Completed in 2250ms
523 timing reifyNode:node_modules/es-errors Completed in 2255ms
524 timing reifyNode:node_modules/math-intrinsics Completed in 2274ms
525 http fetch GET 200 https://registry.npmjs.org/express/-/express-4.22.1.tgz 1762ms (cache miss)
526 timing reifyNode:node_modules/express Completed in 2279ms
527 http fetch GET 200 https://registry.npmjs.org/object-inspect/-/object-inspect-1.13.4.tgz 2075ms (cache miss)
528 timing reifyNode:node_modules/object-inspect Completed in 2306ms
529 http fetch GET 200 https://registry.npmjs.org/qs/-/qs-6.14.2.tgz 1575ms (cache miss)
530 timing reifyNode:node_modules/qs Completed in 2346ms
531 http fetch GET 200 https://registry.npmjs.org/iconv-lite/-/iconv-lite-0.4.24.tgz 2057ms (cache miss)
532 timing reifyNode:node_modules/iconv-lite Completed in 2363ms
533 timing reify:unpack Completed in 2369ms
534 timing reify:unretire Completed in 1ms
535 timing build:queue Completed in 12ms
536 timing build:link:node_modules/mime Completed in 6ms
537 timing build:link Completed in 6ms
538 timing build:deps Completed in 20ms
539 timing build Completed in 20ms
540 timing reify:build Completed in 22ms
541 timing reify:trash Completed in 0ms
542 timing reify:save Completed in 55ms
543 timing reify Completed in 5612ms
544 silly ADD node_modules/media-typer
545 silly ADD node_modules/dunder-proto
546 silly ADD node_modules/math-intrinsics
547 silly ADD node_modules/hasown
548 silly ADD node_modules/has-symbols
549 silly ADD node_modules/gopd
550 silly ADD node_modules/get-proto
551 silly ADD node_modules/es-object-atoms
552 silly ADD node_modules/es-define-property
553 silly ADD node_modules/function-bind
554 silly ADD node_modules/call-bind-apply-helpers
555 silly ADD node_modules/get-intrinsic
556 silly ADD node_modules/call-bound
557 silly ADD node_modules/side-channel-weakmap
558 silly ADD node_modules/side-channel-map
559 silly ADD node_modules/side-channel-list
560 silly ADD node_modules/object-inspect
561 silly ADD node_modules/es-errors
562 silly ADD node_modules/mime
563 silly ADD node_modules/side-channel
564 silly ADD node_modules/ipaddr.js
565 silly ADD node_modules/forwarded
566 silly ADD node_modules/ee-first
567 silly ADD node_modules/mime-db
568 silly ADD node_modules/safer-buffer
569 silly ADD node_modules/toidentifier
570 silly ADD node_modules/inherits
571 silly ADD node_modules/ms
572 silly ADD node_modules/unpipe
573 silly ADD node_modules/raw-body
574 silly ADD node_modules/iconv-lite
575 silly ADD node_modules/destroy
576 silly ADD node_modules/bytes
577 silly ADD node_modules/negotiator
578 silly ADD node_modules/mime-types
579 silly ADD node_modules/vary
580 silly ADD node_modules/utils-merge
581 silly ADD node_modules/type-is
582 silly ADD node_modules/statuses
583 silly ADD node_modules/setprototypeof
584 silly ADD node_modules/serve-static
585 silly ADD node_modules/send
586 silly ADD node_modules/send/node_modules/ms
587 silly ADD node_modules/safe-buffer
588 silly ADD node_modules/range-parser
589 silly ADD node_modules/qs
590 silly ADD node_modules/proxy-addr
591 silly ADD node_modules/path-to-regexp
592 silly ADD node_modules/parseurl
593 silly ADD node_modules/on-finished
594 silly ADD node_modules/methods
595 silly ADD node_modules/merge-descriptors
596 silly ADD node_modules/http-errors
597 silly ADD node_modules/fresh
598 silly ADD node_modules/finalhandler
599 silly ADD node_modules/etag
600 silly ADD node_modules/escape-html
601 silly ADD node_modules/encodeurl
602 silly ADD node_modules/depd
603 silly ADD node_modules/debug
604 silly ADD node_modules/cookie-signature
605 silly ADD node_modules/cookie
606 silly ADD node_modules/content-type
607 silly ADD node_modules/content-disposition
608 silly ADD node_modules/body-parser
609 silly ADD node_modules/array-flatten
610 silly ADD node_modules/accepts
611 silly ADD node_modules/express
612 timing command:install Completed in 5662ms
613 verbose exit 0
614 timing npm Completed in 5813ms
615 info ok
